[debug] [2025-10-20T10:40:35.315Z] ----------------------------------------------------------------------
[debug] [2025-10-20T10:40:35.321Z] Command:       C:\Program Files\nodejs\node.exe C:\Users\Laser Pc\AppData\Roaming\npm\node_modules\firebase-tools\lib\bin\firebase.js emulators:start
[debug] [2025-10-20T10:40:35.322Z] CLI Version:   14.20.0
[debug] [2025-10-20T10:40:35.322Z] Platform:      win32
[debug] [2025-10-20T10:40:35.323Z] Node Version:  v22.20.0
[debug] [2025-10-20T10:40:35.323Z] Time:          Mon Oct 20 2025 12:40:35 GMT+0200 (Ora legale dell’Europa centrale)
[debug] [2025-10-20T10:40:35.324Z] ----------------------------------------------------------------------
[debug] 
[debug] [2025-10-20T10:40:35.867Z] > command requires scopes: ["email","openid","https://www.googleapis.com/auth/cloudplatformprojects.readonly","https://www.googleapis.com/auth/firebase","https://www.googleapis.com/auth/cloud-platform"]
[debug] [2025-10-20T10:40:35.868Z] > authorizing via signed-in user (gabyrams1893@gmail.com)
[info] i  emulators: Starting emulators: hosting {"metadata":{"emulator":{"name":"hub"},"message":"Starting emulators: hosting"}}
[debug] [2025-10-20T10:40:35.905Z] [logging] Logging Emulator only supports listening on one address (127.0.0.1). Not listening on ::1
[debug] [2025-10-20T10:40:35.905Z] [hosting] Hosting Emulator only supports listening on one address (127.0.0.1). Not listening on ::1
[debug] [2025-10-20T10:40:35.906Z] assigned listening specs for emulators {"user":{"hub":[{"address":"127.0.0.1","family":"IPv4","port":4400},{"address":"::1","family":"IPv6","port":4400}],"logging":[{"address":"127.0.0.1","family":"IPv4","port":4500}],"hosting":[{"address":"127.0.0.1","family":"IPv4","port":5000}]},"metadata":{"message":"assigned listening specs for emulators"}}
[debug] [2025-10-20T10:40:35.917Z] Emulator locator file path: C:\Users\LASERP~1\AppData\Local\Temp\hub-corso-react-f2b26.json
[debug] [2025-10-20T10:40:35.918Z] [hub] writing locator at C:\Users\LASERP~1\AppData\Local\Temp\hub-corso-react-f2b26.json
[debug] [2025-10-20T10:40:35.961Z] Checked if tokens are valid: false, expires at: 1760956917205
[debug] [2025-10-20T10:40:35.961Z] Checked if tokens are valid: false, expires at: 1760956917205
[debug] [2025-10-20T10:40:35.962Z] > refreshing access token with scopes: []
[debug] [2025-10-20T10:40:35.965Z] >>> [apiv2][query] POST https://www.googleapis.com/oauth2/v3/token [none]
[debug] [2025-10-20T10:40:35.965Z] >>> [apiv2][body] POST https://www.googleapis.com/oauth2/v3/token [omitted]
[debug] [2025-10-20T10:40:36.170Z] <<< [apiv2][status] POST https://www.googleapis.com/oauth2/v3/token 200
[debug] [2025-10-20T10:40:36.171Z] <<< [apiv2][body] POST https://www.googleapis.com/oauth2/v3/token [omitted]
[debug] [2025-10-20T10:40:36.183Z] >>> [apiv2][query] GET https://firebasehosting.googleapis.com/v1beta1/projects/corso-react-f2b26/sites 
[debug] [2025-10-20T10:40:37.216Z] <<< [apiv2][status] GET https://firebasehosting.googleapis.com/v1beta1/projects/corso-react-f2b26/sites 200
[debug] [2025-10-20T10:40:37.216Z] <<< [apiv2][body] GET https://firebasehosting.googleapis.com/v1beta1/projects/corso-react-f2b26/sites {"sites":[{"name":"projects/corso-react-f2b26/sites/corso-react-f2b26","defaultUrl":"https://corso-react-f2b26.web.app","type":"DEFAULT_SITE"}]}
[debug] [2025-10-20T10:40:37.216Z] Checked if tokens are valid: true, expires at: 1760960435171
[debug] [2025-10-20T10:40:37.217Z] Checked if tokens are valid: true, expires at: 1760960435171
[debug] [2025-10-20T10:40:37.217Z] >>> [apiv2][query] GET https://firebase.googleapis.com/v1beta1/projects/corso-react-f2b26/webApps/-/config [none]
[debug] [2025-10-20T10:40:37.889Z] <<< [apiv2][status] GET https://firebase.googleapis.com/v1beta1/projects/corso-react-f2b26/webApps/-/config 200
[debug] [2025-10-20T10:40:37.890Z] <<< [apiv2][body] GET https://firebase.googleapis.com/v1beta1/projects/corso-react-f2b26/webApps/-/config {"projectId":"corso-react-f2b26","databaseURL":"https://corso-react-f2b26-default-rtdb.europe-west1.firebasedatabase.app","storageBucket":"corso-react-f2b26.firebasestorage.app","apiKey":"AIzaSyBZeSpenxr_FG8Uhuij1xHeWs42XguKGX4","authDomain":"corso-react-f2b26.firebaseapp.com","messagingSenderId":"292804166715","projectNumber":"292804166715","version":"2"}
[debug] [2025-10-20T10:40:37.898Z] Checked if tokens are valid: true, expires at: 1760960435171
[debug] [2025-10-20T10:40:37.898Z] Checked if tokens are valid: true, expires at: 1760960435171
[debug] [2025-10-20T10:40:37.899Z] >>> [apiv2][query] GET https://firebase.googleapis.com/v1beta1/projects/corso-react-f2b26 [none]
[debug] [2025-10-20T10:40:38.159Z] <<< [apiv2][status] GET https://firebase.googleapis.com/v1beta1/projects/corso-react-f2b26 200
[debug] [2025-10-20T10:40:38.159Z] <<< [apiv2][body] GET https://firebase.googleapis.com/v1beta1/projects/corso-react-f2b26 {"projectId":"corso-react-f2b26","projectNumber":"292804166715","displayName":"corso-react","name":"projects/corso-react-f2b26","resources":{"hostingSite":"corso-react-f2b26","realtimeDatabaseInstance":"corso-react-f2b26-default-rtdb"},"state":"ACTIVE","etag":"1_8382973a-17d9-46c6-8718-5b26f88a955d"}
[info] i  hosting[corso-react-f2b26]: Serving hosting files from: build {"metadata":{"emulator":{"name":"hosting"},"message":"Serving hosting files from: \u001b[1mbuild\u001b[22m"}}
[info] +  hosting[corso-react-f2b26]: Local server: http://127.0.0.1:5000 {"metadata":{"emulator":{"name":"hosting"},"message":"Local server: \u001b[4m\u001b[1mhttp://127.0.0.1:5000\u001b[22m\u001b[24m"}}
[warn] !  emulators: The Emulator UI is not starting because none of the running emulators have a UI component. {"metadata":{"emulator":{"name":"hub"},"message":"The Emulator UI is not starting because none of the running emulators have a UI component."}}
[debug] [2025-10-20T10:40:38.205Z] Could not find VSCode notification endpoint: FetchError: request to http://localhost:40001/vscode/notify failed, reason: . If you are not running the Firebase Data Connect VSCode extension, this is expected and not an issue.
[info] 
┌─────────────────────────────────────────────────────────────┐
│ ✔  All emulators ready! It is now safe to connect your app. │
└─────────────────────────────────────────────────────────────┘

┌──────────┬────────────────┐
│ Emulator │ Host:Port      │
├──────────┼────────────────┤
│ Hosting  │ 127.0.0.1:5000 │
└──────────┴────────────────┘
  Emulator Hub host: 127.0.0.1 port: 4400
  Other reserved ports: 4500

Issues? Report them at https://github.com/firebase/firebase-tools/issues and attach the *-debug.log files.
 
[debug] [2025-10-21T16:02:31.088Z] Received signal SIGHUP 1
